**From:** Xinhao Liao  
**To:** Kelly Davenport (CTO)   
**Date:** Week 2  

Hi Kelly,  

I have checked the data can answer these questions now. The query records are appended in the end and the documentations I created is appended in *documentation.pdf*.  

Each investor will pay about $2112857.1429.

For questions related to the **ro_company1** dataset,  
* Company1 has 24 accounts.  
* The primary key of the accounts table is *account_id*.  
* The possible values that could be in the status field in the account table are 'ACTIVE', 'CLOSED', and 'FROZEN'.  
* About the company's top performers,  
  1) Employee ID 1 has opened the most company accounts.  
  2) Employee ID 1 started working at the company from 2001-06-22.  
* For data on the company's transaction history and their products, the required query could be  
`select txn_date, account_id from transaction order by txn_date desc, account_id;`, which gives the result    

```
+---------------------+------------+
| txn_date            | account_id |
+---------------------+------------+  
| 2004-12-28 00:00:00 |         15 |  
| 2004-10-28 00:00:00 |         22 |  
| 2004-09-30 00:00:00 |         12 |  
| 2004-06-30 00:00:00 |          3 |  
| 2004-06-30 00:00:00 |         23 |  
| 2004-01-27 00:00:00 |         13 |  
| 2004-01-12 00:00:00 |         17 |  
| 2003-09-12 00:00:00 |         10 |  
| 2003-07-30 00:00:00 |         21 |  
| 2003-07-30 00:00:00 |         28 |  
| 2002-12-15 00:00:00 |          8 |  
| 2002-11-23 00:00:00 |          7 |  
| 2002-09-30 00:00:00 |         24 |  
| 2002-08-24 00:00:00 |         14 |  
| 2001-05-23 00:00:00 |         18 |  
| 2001-05-23 00:00:00 |         19 |  
| 2001-03-12 00:00:00 |          4 |  
| 2001-03-12 00:00:00 |          5 |  
| 2000-01-15 00:00:00 |          1 |  
| 2000-01-15 00:00:00 |          2 |  
| 2000-01-15 00:00:00 |         11 |  
+---------------------+------------+   
```

* The primary key in the transaction table is *txn_id*.  
* The unique product types offered are *Customer Accounts*, *Insurance Offerings*, and *Individual and Business Loans*.  
* For information related to different company divisions:  
  * 3 branches are located in MA.  
  * The required query could be `select name, address, zip, NOW() as querytime from branch;`, which gives the result   

```
+---------------+----------------------+-------+---------------------+
| name          | address              | zip   | querytime           |
+---------------+----------------------+-------+---------------------+
| Headquarters  | 3882 Main St.        | 02451 | 2020-01-28 20:31:19 |
| Woburn Branch | 422 Maple St.        | 01801 | 2020-01-28 20:31:19 |
| Quincy Branch | 125 Presidential Way | 02169 | 2020-01-28 20:31:19 |
| So. NH Branch | 378 Maynard Ln.      | 03079 | 2020-01-28 20:31:19 |
+---------------+----------------------+-------+---------------------+   
```
  
For questions related to the **ro_query** database,   
  * Integer numbers can be stored in the year field.  
  * There are 65615 non-duplicated PTID entries (including null ptid).
  * The PTID are actually Preparer Tax Identification Number (PTIN) issued by Internal Revenue Service (IRS), which is used as the tax return preparer's identification number.  
  * EIN should be the Employer Identification Number assigned by IRS to business entities for identification in tax reporting.  
  * Using the query `select * from taxdata order by id desc limit 1;`, we can get the last entry in the taxdata table as follows:  

```
+--------+-----------+--------------------------+------+---------+----------+--------------------------  
--------------------------------------------+-----------+-------------+-------------+-------+----------  
-----------------------------------------------------------+
| id     | ein       | name                     | year | revenue | expenses | purpose       
| ptid      | ptname      | city        | state | url                                         
|
+--------+-----------+--------------------------+------+---------+----------+---------------------------  
-------------------------------------------+-----------+-------------+-------------+-------+------------  
---------------------------------------------------------+
| 378304 | 351330448 | Big Brothers Big Sisters | 2015 |  353120 |   304867 | Help children to reach the  
ir potential through professional supports | P00932103 | Dana Bement | Bloomington | IN    | https://s3.  
amazonaws.com/irs-form-990/201642289349303444_public.xml |
+--------+-----------+--------------------------+------+---------+----------+---------------------------  
-------------------------------------------+-----------+-------------+-------------+-------+------------  
---------------------------------------------------------+
```    
   * Using the query `select id, name, (revenue-expenses) as net_income from taxdata order by RAND() limit 50;`, we can get a list of 50 companies at random with their net income as follows:   
```
+--------+-------------------------------------------------------------------------------+------------+
| id     | name                                                                          | net_income |
+--------+-------------------------------------------------------------------------------+------------+
|  10963 | RACINEKENOSHA COMMUNITY ACTION AGENCY INC                                     |    -155856 |
| 240951 | WE CARE JACKSONVILLE INC                                                      |     -90650 |
| 132184 | PTA NEVADA CONGRESS FRANK LAMPING PTA                                         |       4148 |
| 266803 | CONNECTING ANGELS INC                                                         |       -595 |
| 228252 | DARE TO BE DIFFERENT INC                                                      |      10231 |
|  24890 | VESTAL CENTER SOCIAL CLUB INC                                                 |       2826 |
| 365484 | HIDDEN LAKE BRIGADE CAMP                                                      |         50 |
| 179673 | Boulevard Heights Mutual Water Companyco Eugene Burger Management Corporation |      -5304 |
| 160577 | Leslie Edgar Etchason VFW Post 3999                                           |     340674 |
| 337244 | San Antonio Alternative Housing Corporation No 06                             |   13869750 |
|  35289 | YORKTOWN COMMUNITY NURSERY SCHOOL                                             |       1314 |
| 203609 | DIVINE WILL FOUNDATION                                                        |     162890 |
| 315573 | JILL KNUTE WILDCAT SPIRITSCHOLARSHIP FOUNDATION                               |          0 |
|  43510 | Animal Welfare Society of Monroe                                              |      87952 |
| 115129 | FAITH OUTREACH MINISTRIESD/B/A SPIRIT LIFE                                    |      -3092 |
| 304631 | UTILITY WORKERS OF AMERICAAFL-CIO LU 409                                      |      21119 |
| 307330 | AMERICAN PAYROLL ASSN OF ACADIANA LLC                                         |          0 |
| 201055 | NATL ASSOC OF LETTER CARRIERS BRANCH 46                                       |      38276 |
| 146953 | THE CLARK MANOR HOUSE                                                         |          0 |
| 135077 | KEVIN & THERESE GLASSMAN FOUNDATION                                           |          0 |
| 229009 | SUNSET ELEMENTARY SCHOOL PTA                                                  |     -64183 |
| 246691 | LEFKOVITS FAMILY FOUNDATION                                                   |          0 |
|  53621 | CROSSLINES OF MCDONALD CO INC                                                 |      10167 |
| 290221 | CANINE ASSISTED THERAPY INC                                                   |      25196 |
| 250834 | HARRUB CHFIRST BAPTIST CH WTBY                                                |          0 |
|  53181 | BIRDSBORO POST OF THE AMERICANLEGION INC                                      |     152717 |
| 361019 | Weekes House Inc                                                              |      19419 |
| 368740 | Autumn's Dawn                                                                 |     -58622 |
| 333643 | JOINING OUR YOUTH INC                                                         |     -15823 |
|  17343 | AMERICAN LEGION POST 177 INCORPORATED                                         |      83005 |
| 239656 | CHILDFUND INTERNATIONAL USA                                                   |    8695209 |
| 302426 | Purple Silk Music Education Foundation                                        |       2330 |
| 362902 | THE SERGEANT THOMAS JOSEPH SULLIVAN CENTER                                    |     -44922 |
| 157702 | THOMAS B JELKE FOUNDATION                                                     |          0 |
|  49648 | KNOX COUNTY VOLUNTEERS OF AMERICACANDLERIDGE PLAZA                            |      14778 |
| 160648 | Dawn of Hope Inc                                                              |     217816 |
| 205917 | THE ECCLES FAMILY FOUNDATION                                                  |          0 |
|  81039 | GIRLS INCORPORATED OF OAK RIDGE                                               |      51759 |
| 199486 | THE LOFT                                                                      |      -1000 |
| 247809 | SOGG FOUNDATION INCC/O CAROL S MARKEY                                         |          0 |
| 155641 | UNION LABEL & SERVICE TRADES DEPARTMENT AFL-CIO                               |       9128 |
| 365177 | MERRILL CHARITABLE FOUNDATION                                                 |          0 |
| 285201 | WOODLAND MOOSE LODGE 2394                                                     |     299116 |
| 179953 | DUKES HEALTH CARE FOUNDATION OFMIAMI COUNTY INC                               |          0 |
|  49738 | Missouri School Boards EducationalFoundation                                  |      13265 |
| 122639 | Family Resource Network Inc                                                   |      17014 |
| 242552 | RALPH TILLMAN AND REBA DANIEL FERRELL FAMILY FOUNDATION                       |          0 |
| 325442 | FRIENDS OF THE ISRAEL CENTER FORSOCIAL AND ECONOMIC PROGRESS                  |    -100572 |
| 160526 | ALEXANDRIA LACROSSE CLUB INC                                                  |      12878 |
|  87604 | REBECCA STEINDECKER CHARITABLE TRUST                                          |          0 |
+--------+-------------------------------------------------------------------------------+------------+   
```

This task takes me about 4 hours to complete.

Best regards,
Xinhao(Theo) Liao

--
<span style="color:blue">Database operation records</span>   
```
mysql> select (30000000-15210000)/7;
+-----------------------+
| (30000000-15210000)/7 |
+-----------------------+
|          2112857.1429 |
+-----------------------+
1 row in set (0.03 sec)

mysql> use ro_company1 dataset;
Reading table information for completion of table and column names
You can turn off this feature to get a quicker startup with -A

Database changed
mysql> show tables;
+-----------------------+
| Tables_in_ro_company1 |
+-----------------------+
| account               |
| branch                |
| business              |
| customer              |
| department            |
| employee              |
| individual            |
| officer               |
| product               |
| product_type          |
| transaction           |
+-----------------------+
11 rows in set (0.03 sec)

mysql> desc account;
+--------------------+----------------------------------+------+-----+---------+----------------+
| Field              | Type                             | Null | Key | Default | Extra          |
+--------------------+----------------------------------+------+-----+---------+----------------+
| account_id         | int(10) unsigned                 | NO   | PRI | NULL    | auto_increment |
| product_cd         | varchar(10)                      | NO   | MUL | NULL    |                |
| cust_id            | int(10) unsigned                 | NO   | MUL | NULL    |                |
| open_date          | date                             | NO   |     | NULL    |                |
| close_date         | date                             | YES  |     | NULL    |                |
| last_activity_date | date                             | YES  |     | NULL    |                |
| status             | enum('ACTIVE','CLOSED','FROZEN') | YES  |     | NULL    |                |
| open_branch_id     | smallint(5) unsigned             | YES  | MUL | NULL    |                |
| open_emp_id        | smallint(5) unsigned             | YES  | MUL | NULL    |                |
| avail_balance      | float(10,2)                      | YES  |     | NULL    |                |
| pending_balance    | float(10,2)                      | YES  |     | NULL    |                |
+--------------------+----------------------------------+------+-----+---------+----------------+
11 rows in set (0.02 sec)

mysql> select account_id from account;
+------------+
| account_id |
+------------+
|         10 |
|         11 |
|         12 |
|         14 |
|         15 |
|         21 |
|         22 |
|         23 |
|          1 |
|          2 |
|          3 |
|          4 |
|          5 |
|         17 |
|         27 |
|          7 |
|          8 |
|         29 |
|         13 |
|         18 |
|         19 |
|         24 |
|         25 |
|         28 |
+------------+
24 rows in set (0.05 sec)

mysql> select account_id,open_emp_id from account order by open_emp_id;
+------------+-------------+
| account_id | open_emp_id |
+------------+-------------+
|         10 |           1 |
|         11 |           1 |
|         12 |           1 |
|         14 |           1 |
|         15 |           1 |
|         21 |           1 |
|         22 |           1 |
|         23 |           1 |
|          1 |          10 |
|          2 |          10 |
|          3 |          10 |
|          4 |          10 |
|          5 |          10 |
|         17 |          10 |
|         27 |          10 |
|          7 |          13 |
|          8 |          13 |
|         29 |          13 |
|         13 |          16 |
|         18 |          16 |
|         19 |          16 |
|         24 |          16 |
|         25 |          16 |
|         28 |          16 |
+------------+-------------+
24 rows in set (0.04 sec)

mysql> desc employee;
+--------------------+----------------------+------+-----+---------+----------------+
| Field              | Type                 | Null | Key | Default | Extra          |
+--------------------+----------------------+------+-----+---------+----------------+
| emp_id             | smallint(5) unsigned | NO   | PRI | NULL    | auto_increment |
| fname              | varchar(20)          | NO   |     | NULL    |                |
| lname              | varchar(20)          | NO   |     | NULL    |                |
| start_date         | date                 | NO   |     | NULL    |                |
| end_date           | date                 | YES  |     | NULL    |                |
| superior_emp_id    | smallint(5) unsigned | YES  | MUL | NULL    |                |
| dept_id            | smallint(5) unsigned | YES  | MUL | NULL    |                |
| title              | varchar(20)          | YES  |     | NULL    |                |
| assigned_branch_id | smallint(5) unsigned | YES  | MUL | NULL    |                |
+--------------------+----------------------+------+-----+---------+----------------+
9 rows in set (0.04 sec)

mysql> select emp_id,start_date from employee limit 1;
+--------+------------+
| emp_id | start_date |
+--------+------------+
|      1 | 2001-06-22 |
+--------+------------+
1 row in set (0.03 sec)

mysql> desc transaction;
+---------------------+----------------------+------+-----+---------+----------------+
| Field               | Type                 | Null | Key | Default | Extra          |
+---------------------+----------------------+------+-----+---------+----------------+
| txn_id              | int(10) unsigned     | NO   | PRI | NULL    | auto_increment |
| txn_date            | datetime             | NO   |     | NULL    |                |
| account_id          | int(10) unsigned     | NO   | MUL | NULL    |                |
| txn_type_cd         | enum('DBT','CDT')    | YES  |     | NULL    |                |
| amount              | double(10,2)         | NO   |     | NULL    |                |
| teller_emp_id       | smallint(5) unsigned | YES  | MUL | NULL    |                |
| execution_branch_id | smallint(5) unsigned | YES  | MUL | NULL    |                |
| funds_avail_date    | datetime             | YES  |     | NULL    |                |
+---------------------+----------------------+------+-----+---------+----------------+
8 rows in set (0.03 sec)

mysql> select txn_date, account_id from transaction order by txn_date desc, account_id;
+---------------------+------------+
| txn_date            | account_id |
+---------------------+------------+
| 2004-12-28 00:00:00 |         15 |
| 2004-10-28 00:00:00 |         22 |
| 2004-09-30 00:00:00 |         12 |
| 2004-06-30 00:00:00 |          3 |
| 2004-06-30 00:00:00 |         23 |
| 2004-01-27 00:00:00 |         13 |
| 2004-01-12 00:00:00 |         17 |
| 2003-09-12 00:00:00 |         10 |
| 2003-07-30 00:00:00 |         21 |
| 2003-07-30 00:00:00 |         28 |
| 2002-12-15 00:00:00 |          8 |
| 2002-11-23 00:00:00 |          7 |
| 2002-09-30 00:00:00 |         24 |
| 2002-08-24 00:00:00 |         14 |
| 2001-05-23 00:00:00 |         18 |
| 2001-05-23 00:00:00 |         19 |
| 2001-03-12 00:00:00 |          4 |
| 2001-03-12 00:00:00 |          5 |
| 2000-01-15 00:00:00 |          1 |
| 2000-01-15 00:00:00 |          2 |
| 2000-01-15 00:00:00 |         11 |
+---------------------+------------+
21 rows in set (0.05 sec)

mysql> desc product_type;
+-----------------+-------------+------+-----+---------+-------+
| Field           | Type        | Null | Key | Default | Extra |
+-----------------+-------------+------+-----+---------+-------+
| product_type_cd | varchar(10) | NO   | PRI | NULL    |       |
| name            | varchar(50) | NO   |     | NULL    |       |
+-----------------+-------------+------+-----+---------+-------+
2 rows in set (0.03 sec)

mysql> select * from product_type;
+-----------------+-------------------------------+
| product_type_cd | name                          |
+-----------------+-------------------------------+
| ACCOUNT         | Customer Accounts             |
| INSURANCE       | Insurance Offerings           |
| LOAN            | Individual and Business Loans |
+-----------------+-------------------------------+
3 rows in set (0.05 sec)

mysql> desc branch;
+-----------+----------------------+------+-----+---------+----------------+
| Field     | Type                 | Null | Key | Default | Extra          |
+-----------+----------------------+------+-----+---------+----------------+
| branch_id | smallint(5) unsigned | NO   | PRI | NULL    | auto_increment |
| name      | varchar(20)          | NO   |     | NULL    |                |
| address   | varchar(30)          | YES  |     | NULL    |                |
| city      | varchar(20)          | YES  |     | NULL    |                |
| state     | varchar(2)           | YES  |     | NULL    |                |
| zip       | varchar(12)          | YES  |     | NULL    |                |
+-----------+----------------------+------+-----+---------+----------------+
6 rows in set (0.03 sec)

mysql> select branch_id, state order by state;
ERROR 1054 (42S22): Unknown column 'branch_id' in 'field list'
mysql> select branch_id, state from branch order by state;
+-----------+-------+
| branch_id | state |
+-----------+-------+
|         1 | MA    |
|         2 | MA    |
|         3 | MA    |
|         4 | NH    |
+-----------+-------+
4 rows in set (0.04 sec)

mysql> select name, address, zip, NOW() as querytime from branch;
+---------------+----------------------+-------+---------------------+
| name          | address              | zip   | querytime           |
+---------------+----------------------+-------+---------------------+
| Headquarters  | 3882 Main St.        | 02451 | 2020-01-28 20:31:19 |
| Woburn Branch | 422 Maple St.        | 01801 | 2020-01-28 20:31:19 |
| Quincy Branch | 125 Presidential Way | 02169 | 2020-01-28 20:31:19 |
| So. NH Branch | 378 Maynard Ln.      | 03079 | 2020-01-28 20:31:19 |
+---------------+----------------------+-------+---------------------+
4 rows in set (0.03 sec)

mysql> use ro_query;
Reading table information for completion of table and column names
You can turn off this feature to get a quicker startup with -A

Database changed
mysql> desc taxdata;
+----------+--------------+------+-----+---------+----------------+
| Field    | Type         | Null | Key | Default | Extra          |
+----------+--------------+------+-----+---------+----------------+
| id       | int(11)      | NO   | PRI | NULL    | auto_increment |
| ein      | int(11)      | YES  |     | NULL    |                |
| name     | varchar(255) | YES  |     | NULL    |                |
| year     | int(11)      | YES  |     | NULL    |                |
| revenue  | bigint(20)   | YES  |     | NULL    |                |
| expenses | bigint(20)   | YES  |     | NULL    |                |
| purpose  | text         | YES  |     | NULL    |                |
| ptid     | varchar(255) | YES  |     | NULL    |                |
| ptname   | varchar(255) | YES  |     | NULL    |                |
| city     | varchar(255) | YES  |     | NULL    |                |
| state    | varchar(255) | YES  |     | NULL    |                |
| url      | varchar(255) | YES  |     | NULL    |                |
+----------+--------------+------+-----+---------+----------------+
12 rows in set (0.03 sec)

mysql> select distinct ptid from taxdata limit 3;
+-----------+
| ptid      |
+-----------+
| P00286016 |
|           |
| P01414750 |
...
^C| P01202250 |
| P01202250 |
^C -- query aborted
+-----------+
65615 rows in set (0.64 sec)

select COUNT(distinct ptid) from taxdata;
+----------------------+
| COUNT(distinct ptid) |
+----------------------+
|                65615 |
+----------------------+
1 row in set (2.32 sec)

mysql> select distinct ptid from taxdata order by ptid limit 3;
+-----------+
| ptid      |
+-----------+
|           |
| P00000001 |
| P00000007 |
+-----------+
3 rows in set (0.64 sec)

mysql> select url from taxdata limit 1;
+---------------------------------------------------------------------+
| url                                                                 |
+---------------------------------------------------------------------+
| https://s3.amazonaws.com/irs-form-990/201543159349100344_public.xml |
+---------------------------------------------------------------------+
1 row in set (0.03 sec)

mysql> select * from taxdata order by id desc limit 1;
+--------+-----------+--------------------------+------+---------+----------+------------------------  
----------------------------------------------+-----------+-------------+-------------+-------+------  
---------------------------------------------------------------+
| id     | ein       | name                     | year | revenue | expenses | purpose                                                              | ptid      | ptname      | city        | state | url                                                                 |
+--------+-----------+--------------------------+------+---------+----------+------------------------  
----------------------------------------------+-----------+-------------+-------------+-------+------  
---------------------------------------------------------------+
| 378304 | 351330448 | Big Brothers Big Sisters | 2015 |  353120 |   304867 | Help children to reach   
their potential through professional supports | P00932103 | Dana Bement | Bloomington | IN    | https  
://s3.amazonaws.com/irs-form-990/201642289349303444_public.xml |
+--------+-----------+--------------------------+------+---------+----------+-------------------------  
---------------------------------------------+-----------+-------------+-------------+-------+--------  
-------------------------------------------------------------+
1 row in set (0.03 sec)

mysql> select id, name, (revenue-expenses) as net_income from taxdata order by RAND() limit 50;
+--------+-------------------------------------------------------------------------------+------------+
| id     | name                                                                          | net_income |
+--------+-------------------------------------------------------------------------------+------------+
|  10963 | RACINEKENOSHA COMMUNITY ACTION AGENCY INC                                     |    -155856 |
| 240951 | WE CARE JACKSONVILLE INC                                                      |     -90650 |
| 132184 | PTA NEVADA CONGRESS FRANK LAMPING PTA                                         |       4148 |
| 266803 | CONNECTING ANGELS INC                                                         |       -595 |
| 228252 | DARE TO BE DIFFERENT INC                                                      |      10231 |
|  24890 | VESTAL CENTER SOCIAL CLUB INC                                                 |       2826 |
| 365484 | HIDDEN LAKE BRIGADE CAMP                                                      |         50 |
| 179673 | Boulevard Heights Mutual Water Companyco Eugene Burger Management Corporation |      -5304 |
| 160577 | Leslie Edgar Etchason VFW Post 3999                                           |     340674 |
| 337244 | San Antonio Alternative Housing Corporation No 06                             |   13869750 |
|  35289 | YORKTOWN COMMUNITY NURSERY SCHOOL                                             |       1314 |
| 203609 | DIVINE WILL FOUNDATION                                                        |     162890 |
| 315573 | JILL KNUTE WILDCAT SPIRITSCHOLARSHIP FOUNDATION                               |          0 |
|  43510 | Animal Welfare Society of Monroe                                              |      87952 |
| 115129 | FAITH OUTREACH MINISTRIESD/B/A SPIRIT LIFE                                    |      -3092 |
| 304631 | UTILITY WORKERS OF AMERICAAFL-CIO LU 409                                      |      21119 |
| 307330 | AMERICAN PAYROLL ASSN OF ACADIANA LLC                                         |          0 |
| 201055 | NATL ASSOC OF LETTER CARRIERS BRANCH 46                                       |      38276 |
| 146953 | THE CLARK MANOR HOUSE                                                         |          0 |
| 135077 | KEVIN & THERESE GLASSMAN FOUNDATION                                           |          0 |
| 229009 | SUNSET ELEMENTARY SCHOOL PTA                                                  |     -64183 |
| 246691 | LEFKOVITS FAMILY FOUNDATION                                                   |          0 |
|  53621 | CROSSLINES OF MCDONALD CO INC                                                 |      10167 |
| 290221 | CANINE ASSISTED THERAPY INC                                                   |      25196 |
| 250834 | HARRUB CHFIRST BAPTIST CH WTBY                                                |          0 |
|  53181 | BIRDSBORO POST OF THE AMERICANLEGION INC                                      |     152717 |
| 361019 | Weekes House Inc                                                              |      19419 |
| 368740 | Autumn's Dawn                                                                 |     -58622 |
| 333643 | JOINING OUR YOUTH INC                                                         |     -15823 |
|  17343 | AMERICAN LEGION POST 177 INCORPORATED                                         |      83005 |
| 239656 | CHILDFUND INTERNATIONAL USA                                                   |    8695209 |
| 302426 | Purple Silk Music Education Foundation                                        |       2330 |
| 362902 | THE SERGEANT THOMAS JOSEPH SULLIVAN CENTER                                    |     -44922 |
| 157702 | THOMAS B JELKE FOUNDATION                                                     |          0 |
|  49648 | KNOX COUNTY VOLUNTEERS OF AMERICACANDLERIDGE PLAZA                            |      14778 |
| 160648 | Dawn of Hope Inc                                                              |     217816 |
| 205917 | THE ECCLES FAMILY FOUNDATION                                                  |          0 |
|  81039 | GIRLS INCORPORATED OF OAK RIDGE                                               |      51759 |
| 199486 | THE LOFT                                                                      |      -1000 |
| 247809 | SOGG FOUNDATION INCC/O CAROL S MARKEY                                         |          0 |
| 155641 | UNION LABEL & SERVICE TRADES DEPARTMENT AFL-CIO                               |       9128 |
| 365177 | MERRILL CHARITABLE FOUNDATION                                                 |          0 |
| 285201 | WOODLAND MOOSE LODGE 2394                                                     |     299116 |
| 179953 | DUKES HEALTH CARE FOUNDATION OFMIAMI COUNTY INC                               |          0 |
|  49738 | Missouri School Boards EducationalFoundation                                  |      13265 |
| 122639 | Family Resource Network Inc                                                   |      17014 |
| 242552 | RALPH TILLMAN AND REBA DANIEL FERRELL FAMILY FOUNDATION                       |          0 |
| 325442 | FRIENDS OF THE ISRAEL CENTER FORSOCIAL AND ECONOMIC PROGRESS                  |    -100572 |
| 160526 | ALEXANDRIA LACROSSE CLUB INC                                                  |      12878 |
|  87604 | REBECCA STEINDECKER CHARITABLE TRUST                                          |          0 |
+--------+-------------------------------------------------------------------------------+------------+
50 rows in set (0.53 sec)
mysql> desc taxdata;
+----------+--------------+------+-----+---------+----------------+
| Field    | Type         | Null | Key | Default | Extra          |
+----------+--------------+------+-----+---------+----------------+
| id       | int(11)      | NO   | PRI | NULL    | auto_increment |
| ein      | int(11)      | YES  |     | NULL    |                |
| name     | varchar(255) | YES  |     | NULL    |                |
| year     | int(11)      | YES  |     | NULL    |                |
| revenue  | bigint(20)   | YES  |     | NULL    |                |
| expenses | bigint(20)   | YES  |     | NULL    |                |
| purpose  | text         | YES  |     | NULL    |                |
| ptid     | varchar(255) | YES  |     | NULL    |                |
| ptname   | varchar(255) | YES  |     | NULL    |                |
| city     | varchar(255) | YES  |     | NULL    |                |
| state    | varchar(255) | YES  |     | NULL    |                |
| url      | varchar(255) | YES  |     | NULL    |                |
+----------+--------------+------+-----+---------+----------------+
12 rows in set (0.02 sec)

mysql> select * from taxdata order by rand() limit 1;
+--------+-----------+---------------------------------------------------+------+---------+----------+  
------------------------------------------------------------------------------------------------------  
------------------------------------------------------------------------------------------------------  
------------------------------------------------------------------------------------------------------  
+-----------+------------------+-------------+-------+------------------------------------------------  
---------------------+
| id     | ein       | name                                              | year | revenue | expenses |  
purpose                                                                                                                                                                                                                                                                                                          | ptid      | ptname           | city        | state | url                                                                 |
+--------+-----------+---------------------------------------------------+------+---------+----------+  
------------------------------------------------------------------------------------------------------  
------------------------------------------------------------------------------------------------------  
------------------------------------------------------------------------------------------------------  
+-----------+------------------+-------------+-------+------------------------------------------------  
---------------------+
| 143266 | 850457178 | JEWISH COMMUNITY CENTER OF GREATERALBUQUERQUE INC | 2014 | 3606340 |  3626307 |  
THE PURPOSE OF THE JEWISH COMMUNITY CENTER OF GREATER ALBUQUERQUE, INC. IS TO PROVIDE A PLACE WHERE ALL  
CAN CONNECT WITH JEWISH LIFE, TO PERPETUATE, STRENGTHEN, AND SERVE THE JEWISH COMMUNITY, AND TO PROVIDE  
CULTURAL, EDUCATIONAL, SOCIAL, AND RECREATIONAL ACTIVITIES FOR THE JEWISH AND GENERAL COMMUNITY. | P000  
12198 | GARY KISSOCK CPA | ALBUQUERQUE | NM    | https://s3.amazonaws.com/irs-form-990/2016109593493009  
21_public.xml |
+--------+-----------+---------------------------------------------------+------+---------+----------+-  
-------------------------------------------------------------------------------------------------------  
-------------------------------------------------------------------------------------------------------  
---------------------------------------------------------------------------------------------------+---  
--------+------------------+-------------+-------+-----------------------------------------------------  
----------------+
1 row in set (2.23 sec)

mysql> use ro_company1;
Reading table information for completion of table and column names
You can turn off this feature to get a quicker startup with -A

Database changed
mysql> show tables;
+-----------------------+
| Tables_in_ro_company1 |
+-----------------------+
| account               |
| branch                |
| business              |
| customer              |
| department            |
| employee              |
| individual            |
| officer               |
| product               |
| product_type          |
| transaction           |
+-----------------------+
11 rows in set (0.03 sec)

mysql> desc account;
+--------------------+----------------------------------+------+-----+---------+----------------+
| Field              | Type                             | Null | Key | Default | Extra          |
+--------------------+----------------------------------+------+-----+---------+----------------+
| account_id         | int(10) unsigned                 | NO   | PRI | NULL    | auto_increment |
| product_cd         | varchar(10)                      | NO   | MUL | NULL    |                |
| cust_id            | int(10) unsigned                 | NO   | MUL | NULL    |                |
| open_date          | date                             | NO   |     | NULL    |                |
| close_date         | date                             | YES  |     | NULL    |                |
| last_activity_date | date                             | YES  |     | NULL    |                |
| status             | enum('ACTIVE','CLOSED','FROZEN') | YES  |     | NULL    |                |
| open_branch_id     | smallint(5) unsigned             | YES  | MUL | NULL    |                |
| open_emp_id        | smallint(5) unsigned             | YES  | MUL | NULL    |                |
| avail_balance      | float(10,2)                      | YES  |     | NULL    |                |
| pending_balance    | float(10,2)                      | YES  |     | NULL    |                |
+--------------------+----------------------------------+------+-----+---------+----------------+
11 rows in set (0.03 sec)

mysql> select * from account order by rand() limit 1;
+------------+------------+---------+------------+------------+--------------------+--------+----------------+  
-------------+---------------+-----------------+
| account_id | product_cd | cust_id | open_date  | close_date | last_activity_date | status | open_branch_id |  
open_emp_id | avail_balance | pending_balance |
+------------+------------+---------+------------+------------+--------------------+--------+----------------+  
-------------+---------------+-----------------+
|          4 | CHK        |       2 | 2001-03-12 | NULL       | 2004-12-27         | ACTIVE |              2 |  
10 |       2258.02 |         2258.02 |
+------------+------------+---------+------------+------------+--------------------+--------+----------------+  
-------------+---------------+-----------------+
1 row in set (0.03 sec)

mysql> desc employee;
+--------------------+----------------------+------+-----+---------+----------------+
| Field              | Type                 | Null | Key | Default | Extra          |
+--------------------+----------------------+------+-----+---------+----------------+
| emp_id             | smallint(5) unsigned | NO   | PRI | NULL    | auto_increment |
| fname              | varchar(20)          | NO   |     | NULL    |                |
| lname              | varchar(20)          | NO   |     | NULL    |                |
| start_date         | date                 | NO   |     | NULL    |                |
| end_date           | date                 | YES  |     | NULL    |                |
| superior_emp_id    | smallint(5) unsigned | YES  | MUL | NULL    |                |
| dept_id            | smallint(5) unsigned | YES  | MUL | NULL    |                |
| title              | varchar(20)          | YES  |     | NULL    |                |
| assigned_branch_id | smallint(5) unsigned | YES  | MUL | NULL    |                |
+--------------------+----------------------+------+-----+---------+----------------+
9 rows in set (0.03 sec)

mysql> select * from employee order by rand() limit 1;
+--------+---------+---------+------------+----------+-----------------+---------+-------------+--------------------+
| emp_id | fname   | lname   | start_date | end_date | superior_emp_id | dept_id | title       | assigned_branch_id |
+--------+---------+---------+------------+----------+-----------------+---------+-------------+--------------------+
|     16 | Theresa | Markham | 2001-03-15 | NULL     |               4 |       1 | Head Teller |                  4 |
+--------+---------+---------+------------+----------+-----------------+---------+-------------+--------------------+
1 row in set (0.02 sec)

mysql> desc transaction;
+---------------------+----------------------+------+-----+---------+----------------+
| Field               | Type                 | Null | Key | Default | Extra          |
+---------------------+----------------------+------+-----+---------+----------------+
| txn_id              | int(10) unsigned     | NO   | PRI | NULL    | auto_increment |
| txn_date            | datetime             | NO   |     | NULL    |                |
| account_id          | int(10) unsigned     | NO   | MUL | NULL    |                |
| txn_type_cd         | enum('DBT','CDT')    | YES  |     | NULL    |                |
| amount              | double(10,2)         | NO   |     | NULL    |                |
| teller_emp_id       | smallint(5) unsigned | YES  | MUL | NULL    |                |
| execution_branch_id | smallint(5) unsigned | YES  | MUL | NULL    |                |
| funds_avail_date    | datetime             | YES  |     | NULL    |                |
+---------------------+----------------------+------+-----+---------+----------------+
8 rows in set (0.02 sec)

mysql> select * from transaction order by rand() limit 1;
+--------+---------------------+------------+-------------+--------+---------------+---------------------+---------------------+
| txn_id | txn_date            | account_id | txn_type_cd | amount | teller_emp_id | execution_branch_id | funds_avail_date    |
+--------+---------------------+------------+-------------+--------+---------------+---------------------+---------------------+
|      5 | 2001-03-12 00:00:00 |          5 | CDT         | 100.00 |          NULL |                NULL | 2001-03-12 00:00:00 |
+--------+---------------------+------------+-------------+--------+---------------+---------------------+---------------------+
1 row in set (0.02 sec)

mysql> desc product_type;
+-----------------+-------------+------+-----+---------+-------+
| Field           | Type        | Null | Key | Default | Extra |
+-----------------+-------------+------+-----+---------+-------+
| product_type_cd | varchar(10) | NO   | PRI | NULL    |       |
| name            | varchar(50) | NO   |     | NULL    |       |
+-----------------+-------------+------+-----+---------+-------+
2 rows in set (0.03 sec)

mysql> select * from product_type;
+-----------------+-------------------------------+
| product_type_cd | name                          |
+-----------------+-------------------------------+
| ACCOUNT         | Customer Accounts             |
| INSURANCE       | Insurance Offerings           |
| LOAN            | Individual and Business Loans |
+-----------------+-------------------------------+
3 rows in set (0.03 sec)

mysql> desc branch;
+-----------+----------------------+------+-----+---------+----------------+
| Field     | Type                 | Null | Key | Default | Extra          |
+-----------+----------------------+------+-----+---------+----------------+
| branch_id | smallint(5) unsigned | NO   | PRI | NULL    | auto_increment |
| name      | varchar(20)          | NO   |     | NULL    |                |
| address   | varchar(30)          | YES  |     | NULL    |                |
| city      | varchar(20)          | YES  |     | NULL    |                |
| state     | varchar(2)           | YES  |     | NULL    |                |
| zip       | varchar(12)          | YES  |     | NULL    |                |
+-----------+----------------------+------+-----+---------+----------------+
6 rows in set (0.02 sec)

mysql> select * from branch order by rand() limit 1;
+-----------+---------------+-----------------+-------+-------+-------+
| branch_id | name          | address         | city  | state | zip   |
+-----------+---------------+-----------------+-------+-------+-------+
|         4 | So. NH Branch | 378 Maynard Ln. | Salem | NH    | 03079 |
+-----------+---------------+-----------------+-------+-------+-------+
1 row in set (0.02 sec)   
```
